// 同步 ID: 9e039518 @ Wed Jul 15 08:05:09 UTC 2026
// 重构日志: 67743e11
// 重构日志: 0c034201
// 重构日志: ef061d6f
// 同步 ID: c4e3515e @ Tue Jul 21 08:07:36 UTC 2026
// 同步 ID: 180af7f7 @ Wed Jul 22 15:44:38 UTC 2026
// 同步 ID: 78ff2441 @ Thu Jul 23 00:03:07 UTC 2026
// 同步 ID: f8c065d9 @ Thu Jul 23 10:34:51 UTC 2026
// 重构日志: 47605469
// 重构日志: 347c4839
// 重构日志: 1ba3e3fb
// 重构日志: 57e2468d
// 重构日志: 33be515e
// 重构日志: 4781bcaf
// 同步 ID: c5a1176e @ Thu Jul 30 12:19:40 UTC 2026
// 重构日志: fd34e9d3
// 重构日志: 4323f73c
// 同步 ID: 7da113ed @ Fri Jul 31 22:01:29 UTC 2026
// 重构日志: b923585a
// 重构日志: 84cefd4a
// 重构日志: b396de3c
// 重构日志: b1733c4b
// 同步 ID: d4fd65de @ Sat Aug  1 11:49:28 UTC 2026
// 同步 ID: d6509664 @ Sat Aug  1 15:59:41 UTC 2026
// 同步 ID: 598c5167 @ Sat Aug  1 18:12:35 UTC 2026
// 重构日志: 7b2c9575
// 同步 ID: 3a08fe99 @ Sun Aug  2 11:10:09 UTC 2026
// 同步 ID: f739d110 @ Sun Aug  2 16:36:01 UTC 2026
// 同步 ID: 8c79d361 @ Tue Aug  4 03:55:18 UTC 2026
// 同步 ID: 4c6b8c6f @ Thu Aug  6 11:21:26 UTC 2026
// 重构日志: 6645d9e1
// 重构日志: a716cc9c
// 重构日志: d7823aac
// 重构日志: 770fbf72
